<html>
<body>
<pre>
<h1>µVision Build Log</h1>
<h2>Tool Versions:</h2>
IDE-Version: ¦ÌVision V5.14.0.0
Copyright (C) 2015 ARM Ltd and ARM Germany GmbH. All rights reserved.
License Information: ³Ô ³Ô, c, LIC=1WSLQ-N8CVH-MSEYP-MUR52-E6BJ5-U7QTP
 
Tool Versions:
Toolchain:       MDK-ARM Professional  Version: 5.14.0.0
Toolchain Path:  C:\Keil_v5\ARM\ARMCC\Bin
C Compiler:      Armcc.exe V5.05 update 1 (build 106)
Assembler:       Armasm.exe V5.05 update 1 (build 106)
Linker/Locator:  ArmLink.exe V5.05 update 1 (build 106)
Library Manager: ArmAr.exe V5.05 update 1 (build 106)
Hex Converter:   FromElf.exe V5.05 update 1 (build 106)
CPU DLL:         SARMCM3.DLL V5.14.0.0
Dialog DLL:      DARMSTM.DLL V1.65.0.0
Target DLL:      UL2CM3.DLL V1.155.0.0
Dialog DLL:      TCM.DLL V1.14.4.0
 
<h2>Project:</h2>
C:\Users\lenovo\Desktop\Studying Place\¿Î³Ì\weiji\xiti\GPIO_c\GPIO_c.uvprojx
Project File Date:  05/08/2017

<h2>Output:</h2>
Rebuild target 'Target 1'
compiling gpio_c.c...
stm32f103.h(30): warning:  #1-D: last line of file ends without a newline
        
gpio_c.c(2): warning:  #1295-D: Deprecated declaration my_asm_func - give arg types
  extern void my_asm_func();
gpio_c.c(55): warning:  #1-D: last line of file ends without a newline
  }
gpio_c.c: 3 warnings, 0 errors
assembling gpio_c.s...
gpio_c.s(67): warning: A1581W: Added 2 bytes of padding at address 0x82
linking...
Program Size: Code=332 RO-data=0 RW-data=256 ZI-data=0  
".\Objects\GPIO_c.axf" - 0 Error(s), 4 Warning(s).

<h2>Collection of Component include folders:</h2>
  C:\Users\lenovo\Desktop\Studying Place\¿Î³Ì\weiji\xiti\GPIO_c\RTE
  C:\Keil_v5\ARM\PACK\Keil\STM32F1xx_DFP\1.0.5\Device\Include

<h2>Collection of Component Files used:</h2>
</pre>
</body>
</html>
