Component: ARM Compiler 5.05 update 1 (build 106) Tool: armlink [4d0efa]

==============================================================================

Section Cross References

    gpio_c.o(i.gpio_a) refers to gpio_c_1.o(RESET) for my_asm_func
    gpio_c_1.o(RESET) refers to gpio_c_1.o(STACK) for __initial_sp
    gpio_c_1.o(RESET) refers to gpio_c.o(i.Light) for Light
    gpio_c_1.o(RESET) refers to gpio_c.o(i.gpio_a) for gpio_a


==============================================================================

Image Symbol Table

    Local Symbols

    Symbol Name                              Value     Ov Type        Size  Object(Section)

    gpio_c.c                                 0x00000000   Number         0  gpio_c.o ABSOLUTE
    gpio_c.s                                 0x00000000   Number         0  gpio_c_1.o ABSOLUTE
    RESET                                    0x08000000   Section      140  gpio_c_1.o(RESET)
    SVC_Handler                              0x08000039   Thumb Code     2  gpio_c_1.o(RESET)
    SUMMATION                                0x08000055   Thumb Code    46  gpio_c_1.o(RESET)
    i.Light                                  0x0800008c   Section        0  gpio_c.o(i.Light)
    i.gpio_a                                 0x08000114   Section        0  gpio_c.o(i.gpio_a)
    STACK                                    0x20000000   Section      256  gpio_c_1.o(STACK)
    __initial_sp                             0x20000100   Data           0  gpio_c_1.o(STACK)

    Global Symbols

    Symbol Name                              Value     Ov Type        Size  Object(Section)

    BuildAttributes$$THM_ISAv4$P$D$K$B$S$PE$A:L22UL41UL21$X:L11$S22US41US21$IEEE1$IW$USESV6$~STKCKD$USESV7$~SHL$OSPACE$EBA8$STANDARDLIB$REQ8$PRES8$EABIv2 0x00000000   Number         0  anon$$obj.o ABSOLUTE
    __Vectors                                0x08000000   Data           0  gpio_c_1.o(RESET)
    my_asm_func                              0x08000031   Thumb Code     8  gpio_c_1.o(RESET)
    Reset_Handler                            0x0800003b   Thumb Code    26  gpio_c_1.o(RESET)
    Light                                    0x0800008d   Thumb Code   128  gpio_c.o(i.Light)
    gpio_a                                   0x08000115   Thumb Code    42  gpio_c.o(i.gpio_a)



==============================================================================

Memory Map of the image

  Image Entry point : 0x0800003b

  Load Region LR_1 (Base: 0x08000000, Size: 0x0000024c, Max: 0xffffffff, ABSOLUTE)

    Execution Region ER_RO (Base: 0x08000000, Size: 0x0000014c, Max: 0xffffffff, ABSOLUTE)

    Base Addr    Size         Type   Attr      Idx    E Section Name        Object

    0x08000000   0x0000008c   Code   RO           24  * RESET               gpio_c_1.o
    0x0800008c   0x00000088   Code   RO            1    i.Light             gpio_c.o
    0x08000114   0x00000038   Code   RO            2    i.gpio_a            gpio_c.o


    Execution Region ER_RW (Base: 0x20000000, Size: 0x00000100, Max: 0xffffffff, ABSOLUTE)

    Base Addr    Size         Type   Attr      Idx    E Section Name        Object

    0x20000000   0x00000100   Data   RW           25    STACK               gpio_c_1.o


    Execution Region ER_ZI (Base: 0x20000100, Size: 0x00000000, Max: 0xffffffff, ABSOLUTE)

    **** No section assigned to this execution region ****


==============================================================================

Image component sizes


      Code (inc. data)   RO Data    RW Data    ZI Data      Debug   Object Name

       192         32          0          0          0       2377   gpio_c.o
       140         62          0        256          0        504   gpio_c_1.o

    ----------------------------------------------------------------------
       332         94          0        256          0       2881   Object Totals
         0          0          0          0          0          0   (incl. Generated)
         0          0          0          0          0          0   (incl. Padding)

    ----------------------------------------------------------------------
         0          0          0          0          0          0   Library Totals
         0          0          0          0          0          0   (incl. Padding)

    ----------------------------------------------------------------------

==============================================================================


      Code (inc. data)   RO Data    RW Data    ZI Data      Debug   

       332         94          0        256          0       2881   Grand Totals
       332         94          0        256          0       2881   ELF Image Totals
       332         94          0        256          0          0   ROM Totals

==============================================================================

    Total RO  Size (Code + RO Data)                  332 (   0.32kB)
    Total RW  Size (RW Data + ZI Data)               256 (   0.25kB)
    Total ROM Size (Code + RO Data + RW Data)        588 (   0.57kB)

==============================================================================

